python : 2026-03-10 18:10:11.437 | 
INFO     | 
__main__:verify_agentic_loop:17 - --- 
Starting UI Agent Integration 
Verification ---
At line:1 char:1
+ python scripts/test_ui_agent_loop.py 
> test_output.txt 2>&1; cat test ...
+ ~~~~~~~~~~~~~~~~~~~~~~~~~~~~~~~~~~~~~
~~~~~~~~~~~~~~~~~~~~~~
    + CategoryInfo          : NotSpeci 
   fied: (2026-03-10 18:1...erificati  
  on ---:String) [], RemoteException
    + FullyQualifiedErrorId : NativeCo 
   mmandError
 
2026-03-10 18:10:11.438 | WARNING  | 
__main__:verify_agentic_loop:22 - 
GEMINI_API_KEY is missing. Live 
Streamer will fail to connect.
2026-03-10 18:10:11.439 | INFO     | 
__main__:verify_agentic_loop:26 - 
[Verify] Initializing components...
2026-03-10 18:10:11.445 | ERROR    | 
__main__:verify_agentic_loop:54 - 
[Verify] Failed: No API key was 
provided. Please pass a valid API key. 
Learn how to create an API key at https
://ai.google.dev/gemini-api/docs/api-ke
y.
Traceback (most recent call last):
  File "C:\Users\HP\Downloads\micro 
gravity - 
Copy\scripts\test_ui_agent_loop.py", 
line 28, in verify_agentic_loop
    vision = 
VisionEngine(memory_kernel=memory)
  File "C:\Users\HP\Downloads\micro 
gravity - Copy\src\intelligence\percept
ion\engine.py", line 20, in __init__
    self.client = genai.Client(http_opt
ions={'api_version': 'v1alpha'})
                  ~~~~~~~~~~~~^^^^^^^^^
^^^^^^^^^^^^^^^^^^^^^^^^^^^^^^^^
  File "C:\Users\HP\AppData\Roaming\Pyt
hon\Python314\site-packages\google\gena
i\client.py", line 426, in __init__
    self._api_client = 
self._get_api_client(
                       
~~~~~~~~~~~~~~~~~~~~^
        vertexai=vertexai,
        ^^^^^^^^^^^^^^^^^^
    ...<5 lines>...
        http_options=http_options,
        ^^^^^^^^^^^^^^^^^^^^^^^^^^
    )
    ^
  File "C:\Users\HP\AppData\Roaming\Pyt
hon\Python314\site-packages\google\gena
i\client.py", line 474, in 
_get_api_client
    return BaseApiClient(
        vertexai=vertexai,
    ...<4 lines>...
        http_options=http_options,
    )
  File "C:\Users\HP\AppData\Roaming\Pyt
hon\Python314\site-packages\google\gena
i\_api_client.py", line 706, in 
__init__
    raise ValueError(
    ...<3 lines>...
    )
ValueError: No API key was provided. 
Please pass a valid API key. Learn how 
to create an API key at https://ai.goog
le.dev/gemini-api/docs/api-key.
Task exception was never retrieved
future: <Task finished name='Task-2' 
coro=<BaseApiClient.aclose() done, 
defined at C:\Users\HP\AppData\Roaming\
Python\Python314\site-packages\google\g
enai\_api_client.py:1915> exception=Att
ributeError("'BaseApiClient' object 
has no attribute 
'_async_httpx_client'")>
Traceback (most recent call last):
  File "C:\Users\HP\AppData\Roaming\Pyt
hon\Python314\site-packages\google\gena
i\_api_client.py", line 1920, in aclose
    await 
self._async_httpx_client.aclose()
          ^^^^^^^^^^^^^^^^^^^^^^^^
AttributeError: 'BaseApiClient' object 
has no attribute '_async_httpx_client'
Traceback (most recent call last):
  File "C:\Users\HP\Downloads\micro 
gravity - 
Copy\scripts\test_ui_agent_loop.py", 
line 68, in <module>
    asyncio.run(verify_agentic_loop())
    ~~~~~~~~~~~^^^^^^^^^^^^^^^^^^^^^^^
  File 
"C:\Python314\Lib\asyncio\runners.py", 
line 204, in run
    return runner.run(main)
           ~~~~~~~~~~^^^^^^
  File 
"C:\Python314\Lib\asyncio\runners.py", 
line 127, in run
    return 
self._loop.run_until_complete(task)
           
~~~~~~~~~~~~~~~~~~~~~~~~~~~~~^^^^^^
  File "C:\Python314\Lib\asyncio\base_e
vents.py", line 719, in 
run_until_complete
    return future.result()
           ~~~~~~~~~~~~~^^
  File "C:\Users\HP\Downloads\micro 
gravity - 
Copy\scripts\test_ui_agent_loop.py", 
line 61, in verify_agentic_loop
    kernel.stop()
    ^^^^^^
UnboundLocalError: cannot access local 
variable 'kernel' where it is not 
associated with a value
